// Jest Snapshot v1, https://goo.gl/fbAQLP

exports[`expext to render HomePageCarousel component 1`] = `<HomePageCarousel />`;
