// Jest Snapshot v1, https://goo.gl/fbAQLP

exports[`expext to render Card component 1`] = `<MenuCard />`;
