// Jest Snapshot v1, https://goo.gl/fbAQLP

exports[`Our First Snapshot Test Case Testing the Tabs component UI for the App 1`] = `null`;
